// Jest Snapshot v1, https://goo.gl/fbAQLP

exports[`It should renders correctly 1`] = `
<footer
  className="footer"
>
  Copyright
   
  Â©
   
  <strong>
    Mih Frederick
  </strong>
</footer>
`;
